   1               		.file	"delay.c"
   2               	__SP_H__ = 0x3e
   3               	__SP_L__ = 0x3d
   4               	__SREG__ = 0x3f
   5               	__tmp_reg__ = 0
   6               	__zero_reg__ = 1
   7               		.text
   8               	.Ltext0:
   9               		.cfi_sections	.debug_frame
  10               	.global	delay_ms
  12               	delay_ms:
  13               	.LVL0:
  14               	.LFB0:
  15               		.file 1 "delay.c"
   1:delay.c       **** #include "delay.h"
   2:delay.c       **** 
   3:delay.c       **** // these are just calibrated delay functions for timing applications
   4:delay.c       **** 
   5:delay.c       **** void delay_ms(unsigned char ms)
   6:delay.c       **** {
  16               		.loc 1 6 1 view -0
  17               		.cfi_startproc
  18               	/* prologue: function */
  19               	/* frame size = 0 */
  20               	/* stack size = 0 */
  21               	.L__stack_usage = 0
   7:delay.c       ****   unsigned short delay_count = F_CPU / 4000;
  22               		.loc 1 7 3 view .LVU1
   8:delay.c       ****   
   9:delay.c       ****   unsigned short cnt;
  23               		.loc 1 9 3 view .LVU2
  10:delay.c       ****   asm volatile ("\n"
  24               		.loc 1 10 3 view .LVU3
  25 0000 20EA      		ldi r18,lo8(-96)
  26 0002 3FE0      		ldi r19,lo8(15)
  27               	/* #APP */
  28               	 ;  10 "delay.c" 1
  29               		
  30               	L_dl112:
  31 0004 E22F      		mov r30, r18
  32 0006 F32F      		mov r31, r19
  33               	L_dl212:
  34 0008 3197      		sbiw r30, 1
  35 000a 01F4      		brne L_dl212
  36 000c 8A95      		dec r24
  37 000e 01F4      		brne L_dl112
  38               		
  39               	 ;  0 "" 2
  40               	.LVL1:
  41               	/* #NOAPP */
  42               	/* epilogue start */
  11:delay.c       **** 		"L_dl1%=:\n\t"
  12:delay.c       **** 		"mov %A0, %A2\n\t"
  13:delay.c       **** 		"mov %B0, %B2\n"
  14:delay.c       **** 		"L_dl2%=:\n\t"
  15:delay.c       **** 		"sbiw %A0, 1\n\t"
  16:delay.c       **** 		"brne L_dl2%=\n\t"
  17:delay.c       **** 		"dec %1\n\t" "brne L_dl1%=\n\t":"=&w" (cnt)
  18:delay.c       **** 		:"r"(ms), "r"((unsigned short) (delay_count))
  19:delay.c       **** 		);
  20:delay.c       **** }
  43               		.loc 1 20 1 is_stmt 0 view .LVU4
  44 0010 0895      		ret
  45               		.cfi_endproc
  46               	.LFE0:
  48               	.Letext0:
DEFINED SYMBOLS
                            *ABS*:0000000000000000 delay.c
/var/folders/r8/bhw8rf6916j75xkgjmn833680000gn/T//ccJwnAEv.s:2      *ABS*:000000000000003e __SP_H__
/var/folders/r8/bhw8rf6916j75xkgjmn833680000gn/T//ccJwnAEv.s:3      *ABS*:000000000000003d __SP_L__
/var/folders/r8/bhw8rf6916j75xkgjmn833680000gn/T//ccJwnAEv.s:4      *ABS*:000000000000003f __SREG__
/var/folders/r8/bhw8rf6916j75xkgjmn833680000gn/T//ccJwnAEv.s:5      *ABS*:0000000000000000 __tmp_reg__
/var/folders/r8/bhw8rf6916j75xkgjmn833680000gn/T//ccJwnAEv.s:6      *ABS*:0000000000000001 __zero_reg__
/var/folders/r8/bhw8rf6916j75xkgjmn833680000gn/T//ccJwnAEv.s:12     .text:0000000000000000 delay_ms
/var/folders/r8/bhw8rf6916j75xkgjmn833680000gn/T//ccJwnAEv.s:30     .text:0000000000000004 L_dl112
/var/folders/r8/bhw8rf6916j75xkgjmn833680000gn/T//ccJwnAEv.s:33     .text:0000000000000008 L_dl212

NO UNDEFINED SYMBOLS
