   1               		.file	"dinsync.c"
   2               	__SP_H__ = 0x3e
   3               	__SP_L__ = 0x3d
   4               	__SREG__ = 0x3f
   5               	__tmp_reg__ = 0
   6               	__zero_reg__ = 1
   7               		.text
   8               	.Ltext0:
   9               		.cfi_sections	.debug_frame
  10               	.global	dinsync_start
  12               	dinsync_start:
  13               	.LFB0:
  14               		.file 1 "dinsync.c"
   1:dinsync.c     **** /* 
   2:dinsync.c     ****  * The software for the x0xb0x is available for use in accordance with the 
   3:dinsync.c     ****  * following open source license (MIT License). For more information about
   4:dinsync.c     ****  * OS licensing, please visit -> http://www.opensource.org/
   5:dinsync.c     ****  *
   6:dinsync.c     ****  * For more information about the x0xb0x project, please visit
   7:dinsync.c     ****  * -> http://www.ladyada.net/make/x0xb0x
   8:dinsync.c     ****  *
   9:dinsync.c     ****  *                                     *****
  10:dinsync.c     ****  * Copyright (c) 2005 Limor Fried
  11:dinsync.c     ****  *
  12:dinsync.c     ****  * Permission is hereby granted, free of charge, to any person obtaining a 
  13:dinsync.c     ****  * copy of this software and associated documentation files (the "Software"), 
  14:dinsync.c     ****  * to deal in the Software without restriction, including without limitation 
  15:dinsync.c     ****  * the rights to use, copy, modify, merge, publish, distribute, sublicense, 
  16:dinsync.c     ****  * and/or sell copies of the Software, and to permit persons to whom the 
  17:dinsync.c     ****  * Software is furnished to do so, subject to the following conditions:
  18:dinsync.c     ****  *
  19:dinsync.c     ****  * The above copyright notice and this permission notice shall be included in 
  20:dinsync.c     ****  * all copies or substantial portions of the Software.
  21:dinsync.c     ****  *
  22:dinsync.c     ****  * THE SOFTWARE IS PROVIDED "AS IS", WITHOUT WARRANTY OF ANY KIND, EXPRESS OR 
  23:dinsync.c     ****  * IMPLIED, INCLUDING BUT NOT LIMITED TO THE WARRANTIES OF MERCHANTABILITY, 
  24:dinsync.c     ****  * FITNESS FOR A PARTICULAR PURPOSE AND NONINFRINGEMENT. IN NO EVENT SHALL THE 
  25:dinsync.c     ****  * AUTHORS OR COPYRIGHT HOLDERS BE LIABLE FOR ANY CLAIM, DAMAGES OR OTHER 
  26:dinsync.c     ****  * LIABILITY, WHETHER IN AN ACTION OF CONTRACT, TORT OR OTHERWISE, ARISING 
  27:dinsync.c     ****  * FROM, OUT OF OR IN CONNECTION WITH THE SOFTWARE OR THE USE OR OTHER DEALINGS 
  28:dinsync.c     ****  * IN THE SOFTWARE.
  29:dinsync.c     ****  *                                     *****
  30:dinsync.c     ****  *
  31:dinsync.c     ****  */
  32:dinsync.c     **** 
  33:dinsync.c     **** #include <inttypes.h>
  34:dinsync.c     **** #include <avr/io.h>
  35:dinsync.c     **** #include "dinsync.h"
  36:dinsync.c     **** #include "main.h"
  37:dinsync.c     **** #include "delay.h"
  38:dinsync.c     **** 
  39:dinsync.c     **** // counter: counts up DINSYNC_PPM per beat, for dinsync out
  40:dinsync.c     **** volatile uint8_t dinsync_counter = 0;   
  41:dinsync.c     **** // clocked: keeps track of input dinsync pulses
  42:dinsync.c     **** volatile int16_t dinsync_clocked = 0;
  43:dinsync.c     **** 
  44:dinsync.c     **** // when doing midi sync to dinsync conversion, this is the timeout
  45:dinsync.c     **** // to dropping the clock after a MIDICLOCK message
  46:dinsync.c     **** volatile int16_t dinsync_clock_timeout = 0;
  47:dinsync.c     **** 
  48:dinsync.c     **** // these variables keep track of the dinsync pin states for dinsync in
  49:dinsync.c     **** uint8_t last_dinsync_start = 0;
  50:dinsync.c     **** uint8_t last_dinsync_stop = 0;
  51:dinsync.c     **** uint8_t last_dinsync_c = 0;
  52:dinsync.c     **** 
  53:dinsync.c     **** extern uint8_t sync;  // what sync mode are we in?
  54:dinsync.c     **** 
  55:dinsync.c     **** extern volatile uint8_t note_counter;
  56:dinsync.c     **** extern uint16_t timer3_init;
  57:dinsync.c     **** 
  58:dinsync.c     **** /* output functions (dinsync_start/stop) start and stop dinsync
  59:dinsync.c     ****    that is clocked from the internal tempo function */
  60:dinsync.c     **** void dinsync_start(void) {
  15               		.loc 1 60 26 view -0
  16               		.cfi_startproc
  17 0000 CF93      		push r28
  18               		.cfi_def_cfa_offset 3
  19               		.cfi_offset 28, -2
  20               	/* prologue: function */
  21               	/* frame size = 0 */
  22               	/* stack size = 1 */
  23               	.L__stack_usage = 1
  61:dinsync.c     ****   uint8_t flag = is_tempo_running();
  24               		.loc 1 61 3 view .LVU1
  25               		.loc 1 61 18 is_stmt 0 view .LVU2
  26 0002 0E94 0000 		call is_tempo_running
  27               	.LVL0:
  28 0006 C82F      		mov r28,r24
  29               	.LVL1:
  62:dinsync.c     ****   
  63:dinsync.c     ****   // make sure we're not in a "dinsync in" mode
  64:dinsync.c     ****   if (sync != DIN_SYNC) {
  30               		.loc 1 64 3 is_stmt 1 view .LVU3
  31               		.loc 1 64 6 is_stmt 0 view .LVU4
  32 0008 8091 0000 		lds r24,sync
  33               	.LVL2:
  34               		.loc 1 64 6 view .LVU5
  35 000c 8130      		cpi r24,lo8(1)
  36 000e 01F0      		breq .L1
  65:dinsync.c     ****     //putstring("Starting DIN Sync\n\r");
  66:dinsync.c     ****     if (flag) 
  37               		.loc 1 66 5 is_stmt 1 view .LVU6
  38               		.loc 1 66 8 is_stmt 0 view .LVU7
  39 0010 C111      		cpse r28,__zero_reg__
  67:dinsync.c     ****       turn_off_tempo(); // if tempo was on, turn if off
  40               		.loc 1 67 7 is_stmt 1 view .LVU8
  41 0012 0E94 0000 		call turn_off_tempo
  42               	.LVL3:
  43               	.L4:
  68:dinsync.c     **** 
  69:dinsync.c     ****     // set the clock low (rising edge is a clock)
  70:dinsync.c     ****     cbi(DINSYNC_PORT, DINSYNC_CLK);
  44               		.loc 1 70 5 view .LVU9
  45 0016 9498      		cbi 0x12,4
  71:dinsync.c     ****     // send start signal
  72:dinsync.c     ****     DINSYNC_PORT |= _BV(DINSYNC_START);
  46               		.loc 1 72 5 view .LVU10
  47               		.loc 1 72 18 is_stmt 0 view .LVU11
  48 0018 979A      		sbi 0x12,7
  73:dinsync.c     **** 
  74:dinsync.c     ****     // wait for start signal to be noticed, then start the tempo up again.
  75:dinsync.c     ****     delay_ms(5);
  49               		.loc 1 75 5 is_stmt 1 view .LVU12
  50 001a 85E0      		ldi r24,lo8(5)
  51 001c 0E94 0000 		call delay_ms
  52               	.LVL4:
  76:dinsync.c     ****     TCNT3 = timer3_init - 10;       // make it start soon
  53               		.loc 1 76 5 view .LVU13
  54               		.loc 1 76 25 is_stmt 0 view .LVU14
  55 0020 8091 0000 		lds r24,timer3_init
  56 0024 9091 0000 		lds r25,timer3_init+1
  57 0028 0A97      		sbiw r24,10
  58               		.loc 1 76 11 view .LVU15
  59 002a 9093 8900 		sts 136+1,r25
  60 002e 8093 8800 		sts 136,r24
  77:dinsync.c     ****     dinsync_counter = 0;
  61               		.loc 1 77 5 is_stmt 1 view .LVU16
  62               		.loc 1 77 21 is_stmt 0 view .LVU17
  63 0032 1092 0000 		sts dinsync_counter,__zero_reg__
  78:dinsync.c     ****     note_counter = 0;
  64               		.loc 1 78 5 is_stmt 1 view .LVU18
  65               		.loc 1 78 18 is_stmt 0 view .LVU19
  66 0036 1092 0000 		sts note_counter,__zero_reg__
  79:dinsync.c     ****     if (flag)
  67               		.loc 1 79 5 is_stmt 1 view .LVU20
  68               		.loc 1 79 8 is_stmt 0 view .LVU21
  69 003a C111      		cpse r28,__zero_reg__
  80:dinsync.c     ****       turn_on_tempo();
  70               		.loc 1 80 7 is_stmt 1 view .LVU22
  71 003c 0E94 0000 		call turn_on_tempo
  72               	.LVL5:
  73               	.L1:
  74               	/* epilogue start */
  81:dinsync.c     ****   }
  82:dinsync.c     **** }
  75               		.loc 1 82 1 is_stmt 0 view .LVU23
  76 0040 CF91      		pop r28
  77               	.LVL6:
  78               		.loc 1 82 1 view .LVU24
  79 0042 0895      		ret
  80               		.cfi_endproc
  81               	.LFE0:
  83               	.global	dinsync_stop
  85               	dinsync_stop:
  86               	.LFB1:
  83:dinsync.c     **** 
  84:dinsync.c     **** void dinsync_stop(void) {
  87               		.loc 1 84 25 is_stmt 1 view -0
  88               		.cfi_startproc
  89               	/* prologue: function */
  90               	/* frame size = 0 */
  91               	/* stack size = 0 */
  92               	.L__stack_usage = 0
  85:dinsync.c     ****   if (sync != DIN_SYNC) {  // make sure we're not input mode
  93               		.loc 1 85 3 view .LVU26
  94               		.loc 1 85 6 is_stmt 0 view .LVU27
  95 0044 8091 0000 		lds r24,sync
  96 0048 8130      		cpi r24,lo8(1)
  97 004a 01F0      		breq .L12
  86:dinsync.c     ****     //putstring("Stopping DinSync\n\r");
  87:dinsync.c     ****     cbi(DINSYNC_PORT, DINSYNC_START);   // easy, just set Start low.
  98               		.loc 1 87 5 is_stmt 1 view .LVU28
  99 004c 9798      		cbi 0x12,7
 100               	.L12:
 101               	/* epilogue start */
  88:dinsync.c     ****   }
  89:dinsync.c     **** }
 102               		.loc 1 89 1 is_stmt 0 view .LVU29
 103 004e 0895      		ret
 104               		.cfi_endproc
 105               	.LFE1:
 107               	.global	dinsync_started
 109               	dinsync_started:
 110               	.LFB2:
  90:dinsync.c     **** 
  91:dinsync.c     **** 
  92:dinsync.c     **** /* input functions are for keeping track of whether an event occured
  93:dinsync.c     ****    on the dinsync port */
  94:dinsync.c     **** 
  95:dinsync.c     **** /* dinsync_started returns TRUE if the start pin is high and the previous
  96:dinsync.c     ****    call to this function was FALSE (ie. since the last function call, dinsync
  97:dinsync.c     ****    has started */
  98:dinsync.c     **** uint8_t dinsync_started(void) {
 111               		.loc 1 98 31 is_stmt 1 view -0
 112               		.cfi_startproc
 113               	/* prologue: function */
 114               	/* frame size = 0 */
 115               	/* stack size = 0 */
 116               	.L__stack_usage = 0
  99:dinsync.c     ****   uint8_t curr_dinsync_s;
 117               		.loc 1 99 3 view .LVU31
 100:dinsync.c     ****   curr_dinsync_s = (DINSYNC_PIN >> DINSYNC_START) & 0x1;
 118               		.loc 1 100 3 view .LVU32
 119               		.loc 1 100 21 is_stmt 0 view .LVU33
 120 0050 80B3      		in r24,0x10
 121               		.loc 1 100 51 view .LVU34
 122 0052 881F      		rol r24
 123 0054 8827      		clr r24
 124 0056 881F      		rol r24
 125               	.LVL7:
 101:dinsync.c     **** 
 102:dinsync.c     ****   if (!last_dinsync_start && curr_dinsync_s) {
 126               		.loc 1 102 3 is_stmt 1 view .LVU35
 127               		.loc 1 102 6 is_stmt 0 view .LVU36
 128 0058 9091 0000 		lds r25,last_dinsync_start
 129 005c 9111      		cpse r25,__zero_reg__
 130 005e 00C0      		rjmp .L18
 131               		.loc 1 102 27 discriminator 1 view .LVU37
 132 0060 8823      		tst r24
 133 0062 01F0      		breq .L18
 103:dinsync.c     ****     last_dinsync_start = curr_dinsync_s;
 134               		.loc 1 103 5 is_stmt 1 view .LVU38
 135               		.loc 1 103 24 is_stmt 0 view .LVU39
 136 0064 91E0      		ldi r25,lo8(1)
 137 0066 9093 0000 		sts last_dinsync_start,r25
 104:dinsync.c     ****     return TRUE;
 138               		.loc 1 104 5 is_stmt 1 view .LVU40
 139               		.loc 1 104 12 is_stmt 0 view .LVU41
 140 006a 0895      		ret
 141               	.L18:
 105:dinsync.c     ****   }
 106:dinsync.c     **** 
 107:dinsync.c     ****   last_dinsync_start = curr_dinsync_s;
 142               		.loc 1 107 3 is_stmt 1 view .LVU42
 143               		.loc 1 107 22 is_stmt 0 view .LVU43
 144 006c 8093 0000 		sts last_dinsync_start,r24
 108:dinsync.c     ****   return FALSE;
 145               		.loc 1 108 3 is_stmt 1 view .LVU44
 146               		.loc 1 108 10 is_stmt 0 view .LVU45
 147 0070 80E0      		ldi r24,0
 148               	.LVL8:
 149               	/* epilogue start */
 109:dinsync.c     **** }
 150               		.loc 1 109 1 view .LVU46
 151 0072 0895      		ret
 152               		.cfi_endproc
 153               	.LFE2:
 155               	.global	dinsync_stopped
 157               	dinsync_stopped:
 158               	.LFB3:
 110:dinsync.c     **** 
 111:dinsync.c     **** /* dinsync_stopped returns TRUE if the start pin is low and the previous
 112:dinsync.c     ****    call to this function was FALSE (ie. since the last function call, dinsync
 113:dinsync.c     ****    has stopped */
 114:dinsync.c     **** uint8_t dinsync_stopped(void) {
 159               		.loc 1 114 31 is_stmt 1 view -0
 160               		.cfi_startproc
 161               	/* prologue: function */
 162               	/* frame size = 0 */
 163               	/* stack size = 0 */
 164               	.L__stack_usage = 0
 115:dinsync.c     ****   uint8_t curr_dinsync_s;
 165               		.loc 1 115 3 view .LVU48
 116:dinsync.c     ****   curr_dinsync_s = (DINSYNC_PIN >> DINSYNC_START) & 0x1;
 166               		.loc 1 116 3 view .LVU49
 167               		.loc 1 116 21 is_stmt 0 view .LVU50
 168 0074 80B3      		in r24,0x10
 169               		.loc 1 116 51 view .LVU51
 170 0076 881F      		rol r24
 171 0078 8827      		clr r24
 172 007a 881F      		rol r24
 173               	.LVL9:
 117:dinsync.c     **** 
 118:dinsync.c     ****   if (last_dinsync_stop && !curr_dinsync_s) {
 174               		.loc 1 118 3 is_stmt 1 view .LVU52
 175               		.loc 1 118 6 is_stmt 0 view .LVU53
 176 007c 9091 0000 		lds r25,last_dinsync_stop
 177 0080 9923      		tst r25
 178 0082 01F0      		breq .L24
 179               		.loc 1 118 25 discriminator 1 view .LVU54
 180 0084 8111      		cpse r24,__zero_reg__
 181 0086 00C0      		rjmp .L24
 119:dinsync.c     ****     last_dinsync_stop = curr_dinsync_s;
 182               		.loc 1 119 5 is_stmt 1 view .LVU55
 183               		.loc 1 119 23 is_stmt 0 view .LVU56
 184 0088 1092 0000 		sts last_dinsync_stop,__zero_reg__
 120:dinsync.c     ****     return TRUE;
 185               		.loc 1 120 5 is_stmt 1 view .LVU57
 186               		.loc 1 120 12 is_stmt 0 view .LVU58
 187 008c 81E0      		ldi r24,lo8(1)
 188               	.LVL10:
 189               		.loc 1 120 12 view .LVU59
 190 008e 0895      		ret
 191               	.LVL11:
 192               	.L24:
 121:dinsync.c     ****   }
 122:dinsync.c     **** 
 123:dinsync.c     ****   last_dinsync_stop = curr_dinsync_s;
 193               		.loc 1 123 3 is_stmt 1 view .LVU60
 194               		.loc 1 123 21 is_stmt 0 view .LVU61
 195 0090 8093 0000 		sts last_dinsync_stop,r24
 124:dinsync.c     ****   return FALSE;
 196               		.loc 1 124 3 is_stmt 1 view .LVU62
 197               		.loc 1 124 10 is_stmt 0 view .LVU63
 198 0094 80E0      		ldi r24,0
 199               	.LVL12:
 200               	/* epilogue start */
 125:dinsync.c     **** }
 201               		.loc 1 125 1 view .LVU64
 202 0096 0895      		ret
 203               		.cfi_endproc
 204               	.LFE3:
 206               	.global	dinsync_set_out
 208               	dinsync_set_out:
 209               	.LFB4:
 126:dinsync.c     **** 
 127:dinsync.c     **** 
 128:dinsync.c     **** /* these functions set the input/output descriptors */
 129:dinsync.c     **** void dinsync_set_out() {
 210               		.loc 1 129 24 is_stmt 1 view -0
 211               		.cfi_startproc
 212               	/* prologue: function */
 213               	/* frame size = 0 */
 214               	/* stack size = 0 */
 215               	.L__stack_usage = 0
 130:dinsync.c     **** 
 131:dinsync.c     ****   DINSYNC_DDR |= _BV(DINSYNC_START) | _BV(DINSYNC_CLK) |
 216               		.loc 1 131 3 view .LVU66
 217               		.loc 1 131 15 is_stmt 0 view .LVU67
 218 0098 81B3      		in r24,0x11
 219 009a 806F      		ori r24,lo8(-16)
 220 009c 81BB      		out 0x11,r24
 132:dinsync.c     ****     _BV(DINSYNC_4) | _BV(DINSYNC_5);
 133:dinsync.c     **** 
 134:dinsync.c     ****   DINSYNC_PORT &= ~( _BV(DINSYNC_START) | _BV(DINSYNC_CLK) |
 221               		.loc 1 134 3 is_stmt 1 view .LVU68
 222               		.loc 1 134 16 is_stmt 0 view .LVU69
 223 009e 82B3      		in r24,0x12
 224 00a0 8F70      		andi r24,lo8(15)
 225 00a2 82BB      		out 0x12,r24
 226               	/* epilogue start */
 135:dinsync.c     **** 		    _BV(DINSYNC_4) | _BV(DINSYNC_5) );
 136:dinsync.c     **** 
 137:dinsync.c     **** }
 227               		.loc 1 137 1 view .LVU70
 228 00a4 0895      		ret
 229               		.cfi_endproc
 230               	.LFE4:
 232               	.global	dinsync_set_in
 234               	dinsync_set_in:
 235               	.LFB5:
 138:dinsync.c     **** 
 139:dinsync.c     **** void dinsync_set_in() {
 236               		.loc 1 139 23 is_stmt 1 view -0
 237               		.cfi_startproc
 238               	/* prologue: function */
 239               	/* frame size = 0 */
 240               	/* stack size = 0 */
 241               	.L__stack_usage = 0
 140:dinsync.c     **** 
 141:dinsync.c     ****   DINSYNC_DDR &= ~( _BV(DINSYNC_START) | _BV(DINSYNC_CLK) |
 242               		.loc 1 141 3 view .LVU72
 243               		.loc 1 141 15 is_stmt 0 view .LVU73
 244 00a6 81B3      		in r24,0x11
 245 00a8 8F70      		andi r24,lo8(15)
 246 00aa 81BB      		out 0x11,r24
 142:dinsync.c     **** 		    _BV(DINSYNC_4) | _BV(DINSYNC_5) );
 143:dinsync.c     **** 
 144:dinsync.c     ****   DINSYNC_PORT &= ~( _BV(DINSYNC_START) | _BV(DINSYNC_CLK) |
 247               		.loc 1 144 3 is_stmt 1 view .LVU74
 248               		.loc 1 144 16 is_stmt 0 view .LVU75
 249 00ac 82B3      		in r24,0x12
 250 00ae 8F70      		andi r24,lo8(15)
 251 00b0 82BB      		out 0x12,r24
 252               	/* epilogue start */
 145:dinsync.c     **** 		    _BV(DINSYNC_4) | _BV(DINSYNC_5) );
 146:dinsync.c     **** 
 147:dinsync.c     **** }
 253               		.loc 1 147 1 view .LVU76
 254 00b2 0895      		ret
 255               		.cfi_endproc
 256               	.LFE5:
 258               	.global	last_dinsync_c
 259               		.section .bss
 262               	last_dinsync_c:
 263 0000 00        		.zero	1
 264               	.global	last_dinsync_stop
 267               	last_dinsync_stop:
 268 0001 00        		.zero	1
 269               	.global	last_dinsync_start
 272               	last_dinsync_start:
 273 0002 00        		.zero	1
 274               	.global	dinsync_clock_timeout
 277               	dinsync_clock_timeout:
 278 0003 0000      		.zero	2
 279               	.global	dinsync_clocked
 282               	dinsync_clocked:
 283 0005 0000      		.zero	2
 284               	.global	dinsync_counter
 287               	dinsync_counter:
 288 0007 00        		.zero	1
 289               		.text
 290               	.Letext0:
 291               		.file 2 "/usr/local/Cellar/avr-gcc/9.1.0/avr/include/stdint.h"
 292               		.file 3 "main.h"
 293               		.file 4 "delay.h"
DEFINED SYMBOLS
                            *ABS*:0000000000000000 dinsync.c
/var/folders/r8/bhw8rf6916j75xkgjmn833680000gn/T//ccLtnz57.s:2      *ABS*:000000000000003e __SP_H__
/var/folders/r8/bhw8rf6916j75xkgjmn833680000gn/T//ccLtnz57.s:3      *ABS*:000000000000003d __SP_L__
/var/folders/r8/bhw8rf6916j75xkgjmn833680000gn/T//ccLtnz57.s:4      *ABS*:000000000000003f __SREG__
/var/folders/r8/bhw8rf6916j75xkgjmn833680000gn/T//ccLtnz57.s:5      *ABS*:0000000000000000 __tmp_reg__
/var/folders/r8/bhw8rf6916j75xkgjmn833680000gn/T//ccLtnz57.s:6      *ABS*:0000000000000001 __zero_reg__
/var/folders/r8/bhw8rf6916j75xkgjmn833680000gn/T//ccLtnz57.s:12     .text:0000000000000000 dinsync_start
/var/folders/r8/bhw8rf6916j75xkgjmn833680000gn/T//ccLtnz57.s:287    .bss:0000000000000007 dinsync_counter
/var/folders/r8/bhw8rf6916j75xkgjmn833680000gn/T//ccLtnz57.s:85     .text:0000000000000044 dinsync_stop
/var/folders/r8/bhw8rf6916j75xkgjmn833680000gn/T//ccLtnz57.s:109    .text:0000000000000050 dinsync_started
/var/folders/r8/bhw8rf6916j75xkgjmn833680000gn/T//ccLtnz57.s:272    .bss:0000000000000002 last_dinsync_start
/var/folders/r8/bhw8rf6916j75xkgjmn833680000gn/T//ccLtnz57.s:157    .text:0000000000000074 dinsync_stopped
/var/folders/r8/bhw8rf6916j75xkgjmn833680000gn/T//ccLtnz57.s:267    .bss:0000000000000001 last_dinsync_stop
/var/folders/r8/bhw8rf6916j75xkgjmn833680000gn/T//ccLtnz57.s:208    .text:0000000000000098 dinsync_set_out
/var/folders/r8/bhw8rf6916j75xkgjmn833680000gn/T//ccLtnz57.s:234    .text:00000000000000a6 dinsync_set_in
/var/folders/r8/bhw8rf6916j75xkgjmn833680000gn/T//ccLtnz57.s:262    .bss:0000000000000000 last_dinsync_c
/var/folders/r8/bhw8rf6916j75xkgjmn833680000gn/T//ccLtnz57.s:277    .bss:0000000000000003 dinsync_clock_timeout
/var/folders/r8/bhw8rf6916j75xkgjmn833680000gn/T//ccLtnz57.s:282    .bss:0000000000000005 dinsync_clocked

UNDEFINED SYMBOLS
is_tempo_running
sync
turn_off_tempo
delay_ms
timer3_init
note_counter
turn_on_tempo
__do_clear_bss
